// Jest Snapshot v1, https://goo.gl/fbAQLP

exports[`ListingHome should match snapshot 1`] = `
<v-container-stub
  class="listing-home-container"
  tag="div"
>
  <v-card-stub
    elevation="1"
    loaderheight="4"
    tag="div"
  >
    <v-card-title-stub
      tag="div"
    >
      <div>
        
        My Favourites
      
      </div>
       
      <v-spacer-stub
        tag="div"
      />
       
      <v-text-field-stub
        appendicon="mdi-magnify"
        backgroundcolor=""
        clearicon="$clear"
        errorcount="1"
        errormessages=""
        hidedetails="true"
        id="search-text-field"
        label="Search"
        loaderheight="2"
        messages=""
        rules=""
        singleline="true"
        successmessages=""
        type="text"
      />
       
      <v-spacer-stub
        tag="div"
      />
       
      <v-btn-stub
        activeclass=""
        class="mt-4"
        id="favourites-btn"
        outlined="true"
        tag="button"
        type="button"
      >
        <div>
          
          Show All
        
        </div>
      </v-btn-stub>
    </v-card-title-stub>
     
    <v-data-table-stub
      customfilter="[Function]"
      customgroup="[Function]"
      customsort="[Function]"
      expanded=""
      expandicon="$expand"
      groupby=""
      groupdesc=""
      headers=""
      id="main-table"
      itemclass=""
      itemkey="id"
      items=""
      itemsperpage="10"
      loaderheight="4"
      loadingtext="Loading... Please wait"
      locale="en-US"
      mobilebreakpoint="600"
      nodatatext="$vuetify.noDataText"
      noresultstext="$vuetify.dataIterator.noResultsText"
      options="[object Object]"
      page="1"
      selectablekey="isSelectable"
      serveritemslength="-1"
      sortby=""
      sortdesc=""
      value=""
    />
  </v-card-stub>
   
  <div
    class="text-center"
  >
    <v-snackbar-stub
      contentclass=""
      multiline="true"
      tag="div"
      timeout="5000"
      transition="v-snack-transition"
    >
      
      

      
    </v-snackbar-stub>
  </div>
   
  <v-overlay-stub
    color="#212121"
    dark="true"
    opacity="0.9"
    value="true"
    zindex="5"
  >
    <div
      class="lds-ellipsis"
    >
      <div />
       
      <div />
       
      <div />
       
      <div />
    </div>
  </v-overlay-stub>
</v-container-stub>
`;
